PASS  A1 manifest schema == record.SCHEMA (names, types, order)   [69 columns]
PASS  A2 parquet files on disk == files listed in the manifest   [251 files]
PASS  A3 every file has exactly the record schema (incl. non-nullable)   [0 bad]
PASS  A4 per-file row counts and byte sizes == manifest   [rows 0 bad, bytes 0 bad]
PASS  A5 total rows == manifest totals   [24,229,173]
PASS  A6 no stray files, no leftover .tmp directory   [stray=[]]
PASS  A7 built from the CURRENT source tree and lexicons (hashes recorded in the manifest)   [tree 5af7d7428b55]
PASS  A8 built against the current input manifest
PASS  A9 versions recorded   [feat_v2_0 / hyg_v2_0]
PASS  B1 train_source1: entity_id unique   [2,206,821 rows]
PASS  B2 train_source1: rows, name/address code points, content hash sum == input manifest   [rows 2,206,821 == 2,206,821]
PASS  B3 train_source1: per-country rows and blank addresses == input manifest   [India 883,188, US 1,323,633]
PASS  B4 train_source1: every row found in the input copy, raw fields and v1 keys identical (and no input row missing)   [joined 2,206,821, differing 0]
PASS  B1 train_source2: entity_id unique   [5,034,616 rows]
PASS  B2 train_source2: rows, name/address code points, content hash sum == input manifest   [rows 5,034,616 == 5,034,616]
PASS  B3 train_source2: per-country rows and blank addresses == input manifest   [India 2,017,799, US 3,016,817]
PASS  B4 train_source2: every row found in the input copy, raw fields and v1 keys identical (and no input row missing)   [joined 5,034,616, differing 0]
PASS  B1 train_source3: entity_id unique   [5,285,603 rows]
PASS  B2 train_source3: rows, name/address code points, content hash sum == input manifest   [rows 5,285,603 == 5,285,603]
PASS  B3 train_source3: per-country rows and blank addresses == input manifest   [India 2,115,547, US 3,170,056]
PASS  B4 train_source3: every row found in the input copy, raw fields and v1 keys identical (and no input row missing)   [joined 5,285,603, differing 0]
PASS  B1 test_source1: entity_id unique   [1,732,544 rows]
PASS  B2 test_source1: rows, name/address code points, content hash sum == input manifest   [rows 1,732,544 == 1,732,544]
PASS  B3 test_source1: per-country rows and blank addresses == input manifest   [France 259,452, India 809,986, US 663,106]
PASS  B4 test_source1: every row found in the input copy, raw fields and v1 keys identical (and no input row missing)   [joined 1,732,544, differing 0]
PASS  B1 test_source2: entity_id unique   [4,887,273 rows]
PASS  B2 test_source2: rows, name/address code points, content hash sum == input manifest   [rows 4,887,273 == 4,887,273]
PASS  B3 test_source2: per-country rows and blank addresses == input manifest   [France 703,378, India 2,312,565, US 1,871,330]
PASS  B4 test_source2: every row found in the input copy, raw fields and v1 keys identical (and no input row missing)   [joined 4,887,273, differing 0]
PASS  B1 test_source3: entity_id unique   [5,082,316 rows]
PASS  B2 test_source3: rows, name/address code points, content hash sum == input manifest   [rows 5,082,316 == 5,082,316]
PASS  B3 test_source3: per-country rows and blank addresses == input manifest   [France 731,615, India 2,405,000, US 1,945,701]
PASS  B4 test_source3: every row found in the input copy, raw fields and v1 keys identical (and no input row missing)   [joined 5,082,316, differing 0]
PASS  C1 no NULL in any of the columns (list elements included)   [69 columns x 24,229,173 rows; none]
PASS  C2 hive partition path (split/source/country, URL-quoted) == in-file column values for every file   [15 distinct partitions, 0 bad]
PASS  C3 country labels are exactly the three known values (a new label would be a data change to review)   [['France', 'India', 'US']]
PASS  D1 id_num == numeric suffix of entity_id   [0 violating rows]
PASS  D2 entity_id starts with S<source>-   [0 violating rows]
PASS  D3 split is train|test   [0 violating rows]
PASS  D4 feature_version / hygiene_version constant   [0 violating rows]
PASS  D5 name_key == frozen v1 rule (SQL) on the raw name   [0 violating rows]
PASS  D6 address_key == frozen v1 rule (SQL) on the raw address   [0 violating rows]
PASS  D7 name_has_control == independent regex on the raw text   [0 violating rows]
PASS  D7 name_has_format == independent regex on the raw text   [0 violating rows]
PASS  D7 name_mojibake == independent regex on the raw text   [0 violating rows]
PASS  D7 name_multispace == independent regex on the raw text   [0 violating rows]
PASS  D7 address_has_control == independent regex on the raw text   [0 violating rows]
PASS  D7 address_has_format == independent regex on the raw text   [0 violating rows]
      (15s for 12 conditions)
PASS  D7 address_mojibake == independent regex on the raw text   [0 violating rows]
PASS  D7 address_multispace == independent regex on the raw text   [0 violating rows]
PASS  D8 address_missing == blank after Unicode-whitespace strip   [0 violating rows]
PASS  D9 name_hyg is a fixed point of the v1 rule   [0 violating rows]
PASS  D9 name_latin_accent_key is a fixed point of the v1 rule   [0 violating rows]
PASS  D9 name_joiner_key is a fixed point of the v1 rule   [0 violating rows]
PASS  D9 name_compat_key is a fixed point of the v1 rule   [0 violating rows]
PASS  D9 name_apos_join_key is a fixed point of the v1 rule   [0 violating rows]
PASS  D10 name_ntokens == token count of name_hyg   [0 violating rows]
PASS  D11 name_ncore == token count of name_core   [0 violating rows]
PASS  D12 name_core_set == sorted distinct core tokens   [0 violating rows]
PASS  D13 name_core_compact == core without spaces   [0 violating rows]
      (31s for 12 conditions)
PASS  D14 legal_form empty <=> legal_form_pos none   [0 violating rows]
PASS  D15 legal_form_pos in the known set   [0 violating rows]
PASS  D16 every legal_form code is a lexicon code   [0 violating rows]
PASS  D17 fallback core == whole name and has a legal form   [0 violating rows]
PASS  D18 core never empty for a non-empty name   [0 violating rows]
PASS  D19 core tokens are tokens of the cleaned name   [0 violating rows]
PASS  D20 name_translit is ASCII   [0 violating rows]
PASS  D21 name_translit is a v1 fixed point   [0 violating rows]
PASS  D22 name_skeleton is ASCII   [0 violating rows]
PASS  D23 non-empty cleaned name has non-empty translit   [0 violating rows]
PASS  D24 name_ninformative <= name_ncore <= name_ntokens   [0 violating rows]
PASS  D25 name_scripts Latin bit == \p{Latin} in the raw text   [0 violating rows]
      (10s for 12 conditions)
PASS  D25 name_scripts Devanagari bit == \p{Devanagari} in the raw text   [0 violating rows]
PASS  D25 name_scripts Bengali bit == \p{Bengali} in the raw text   [0 violating rows]
PASS  D25 name_scripts Gurmukhi bit == \p{Gurmukhi} in the raw text   [0 violating rows]
PASS  D25 name_scripts Gujarati bit == \p{Gujarati} in the raw text   [0 violating rows]
PASS  D25 name_scripts Oriya bit == \p{Oriya} in the raw text   [0 violating rows]
PASS  D25 name_scripts Tamil bit == \p{Tamil} in the raw text   [0 violating rows]
PASS  D25 name_scripts Telugu bit == \p{Telugu} in the raw text   [0 violating rows]
PASS  D25 name_scripts Kannada bit == \p{Kannada} in the raw text   [0 violating rows]
PASS  D25 name_scripts Malayalam bit == \p{Malayalam} in the raw text   [0 violating rows]
PASS  D26 name_scripts Other bit implies a non-ASCII character   [0 violating rows]
PASS  D27 name_scripts below 2^11   [0 violating rows]
PASS  D25 address_scripts Latin bit == \p{Latin} in the raw text   [0 violating rows]
      (5s for 12 conditions)
PASS  D25 address_scripts Devanagari bit == \p{Devanagari} in the raw text   [0 violating rows]
PASS  D25 address_scripts Bengali bit == \p{Bengali} in the raw text   [0 violating rows]
PASS  D25 address_scripts Gurmukhi bit == \p{Gurmukhi} in the raw text   [0 violating rows]
PASS  D25 address_scripts Gujarati bit == \p{Gujarati} in the raw text   [0 violating rows]
PASS  D25 address_scripts Oriya bit == \p{Oriya} in the raw text   [0 violating rows]
PASS  D25 address_scripts Tamil bit == \p{Tamil} in the raw text   [0 violating rows]
PASS  D25 address_scripts Telugu bit == \p{Telugu} in the raw text   [0 violating rows]
PASS  D25 address_scripts Kannada bit == \p{Kannada} in the raw text   [0 violating rows]
PASS  D25 address_scripts Malayalam bit == \p{Malayalam} in the raw text   [0 violating rows]
PASS  D26 address_scripts Other bit implies a non-ASCII character   [0 violating rows]
PASS  D27 address_scripts below 2^11   [0 violating rows]
PASS  D30 address_nsegments == len(address_segments)   [0 violating rows]
      (6s for 12 conditions)
PASS  D31 address_canon == segments joined by single spaces   [0 violating rows]
PASS  D32 address_tokset == sorted distinct canon tokens   [0 violating rows]
PASS  D33 address_segset == sorted distinct segments joined by |   [0 violating rows]
PASS  D34 numbers raw/canon/ctx lists have equal length   [0 violating rows]
PASS  D35 address_parse_conf == missing | high | medium | low by the documented rule   [0 violating rows]
PASS  D36 a missing address has no derived content   [0 violating rows]
PASS  D37 address_state_conf in the known set   [0 violating rows]
PASS  D38 address_state_canon empty <=> conf is conflict|none   [0 violating rows]
PASS  D39 postal candidates: 5 or 6 digits, sorted, distinct   [0 violating rows]
PASS  D40 at most 3 city candidates, each is a segment, distinct   [0 violating rows]
PASS  D41 removed injected components follow the per-country grammar (US: cdp, pmb n, po box n; India: hn n, b3, <x> region; France: none)   [0 violating rows]
PASS  D42 address_had_leading_zero == a 0-led digit run in address_clean   [0 violating rows]
      (58s for 12 conditions)
PASS  D43 canonicalisation never drops or invents a digit run (rows without removed extras or stripped zeros)   [0 violating rows]
PASS  D44 address_null_tokens >= 0 and address_nsegments >= 0   [0 violating rows]
      (13s for 2 conditions)
PASS  E name_scan_counts.csv: table-level counts reproduce the earlier full-data scan   [758 (table, country, metric) cells compared, 0 differ; skipped metrics: ['ms_pattern_rows']]
PASS  E hygiene_change_counts.csv: table-level counts reproduce the earlier full-data scan   [199 (table, country, metric) cells compared, 0 differ; skipped metrics: []]
PASS  F1 stored rows == rows recomputed by the Python code, all 69 columns (hash sample + strata + extremes)   [21,684 rows compared; first mismatches: []]
PASS  F2 v1 keys equal the frozen scripts/normalization.comparison_key on the same rows   [21,684 rows; bad: []]
PASS  F3 address_canon and name_core are idempotent on the same rows   [bad: []]
PASS  F4 every stratum is populated in the table (nothing untested because it is empty)   [26/27 strata populated; empty: ['other_script']; known-empty by the script census: ['other_script']]
PASS  G1 two scratch rebuilds (2 vs 5 workers, same row-group layout) are byte-identical, file by file   [15 files, 737,280 rows]
PASS  G2 the two rebuilds record the same manifest
PASS  G3 a rebuild with a different flush size (different row groups) has identical logical content   [737,280 rows]
PASS  G4 every row of the scratch rebuild equals the row stored in the built table (all columns)   [0 differing rows]

120/120 checks passed in 497.0s -> reports\cleaning\feature_verification_feat_v2_0.json
