Using Python 3.12.13 environment at: .venv-gpu
Resolved 10 packages in 1.45s
Downloading sympy (6.0MiB)
Downloading setuptools (1.2MiB)
Downloading torch (2.4GiB)
Downloading networkx (2.0MiB)
 Downloaded setuptools
 Downloaded networkx
 Downloaded sympy
 Downloaded torch
Prepared 10 packages in 4m 04s
Installed 10 packages in 15.17s
 + filelock==3.32.3
 + fsspec==2026.7.0
 + jinja2==3.1.6
 + markupsafe==3.0.3
 + mpmath==1.3.0
 + networkx==3.6.1
 + setuptools==78.1.0
 + sympy==1.14.0
 + torch==2.14.0+cu126
 + typing-extensions==4.16.0
exit=0
Using Python 3.12.13 environment at: .venv-gpu
Resolved 47 packages in 933ms
Downloading tokenizers (2.7MiB)
Downloading scikit-learn (7.9MiB)
Downloading scipy (35.0MiB)
Downloading transformers (11.7MiB)
Downloading numpy (12.0MiB)
 Downloaded tokenizers
 Downloaded scikit-learn
 Downloaded numpy
 Downloaded scipy
 Downloaded transformers
Prepared 13 packages in 17.52s
Installed 37 packages in 4.46s
 + annotated-doc==0.0.5
 + anyascii==0.3.3
 + anyio==4.15.1
 + certifi==2026.7.22
 + click==8.5.0
 + cloudpickle==3.1.2
 + colorama==0.4.6
 + duckdb==1.4.3
 + h11==0.16.0
 + hf-xet==1.6.0
 + httpcore==1.0.9
 + httpx==0.28.1
 + huggingface-hub==1.33.0
 + idna==3.20
 + joblib==1.6.0
 + markdown-it-py==4.2.0
 + mdurl==0.1.2
 + narwhals==2.26.0
 + numpy==2.5.3
 + packaging==26.3
 + psutil==7.2.2
 + pyarrow==25.0.1
 + pygments==2.21.0
 + pyyaml==6.0.3
 + rapidfuzz==3.14.3
 + regex==2026.9.10
 + rich==15.0.0
 + safetensors==0.8.0
 + scikit-learn==1.9.1
 + scipy==1.18.1
 + sentence-transformers==6.1.0
 + shellingham==1.5.4
 + threadpoolctl==3.7.0
 + tokenizers==0.23.2
 + tqdm==4.70.1
 + transformers==5.17.0
 + typer==0.27.2
exit2=0
