device: NVIDIA GeForce RTX 3050 6GB Laptop GPU, torch 2.14.0+cu126, VRAM 6.0 GiB
200 query pairs; 20,000 S1 India names
17,276 unique S1 cores, 16,261 unique S1 skeletons
skeleton {'median_rank': 1.0, 'mean_reciprocal_rank': 0.8305359986315745, 'recall@1': 76.0, 'recall@5': 90.5, 'recall@10': 95.5, 'recall@50': 98.0, 'recall@100': 98.5, 'recall@500': 100.0, 'recall@1000': 100.0, 'seconds': 0.1, 'device': 'CPU (RapidFuzz, all cores)'}
loading sentence-transformers/LaBSE ...
Warning: You are sending unauthenticated requests to the HF Hub. Please set a HF_TOKEN to enable higher rate limits and faster downloads.
Loading weights:   0%|          | 0/199 [00:00<?, ?it/s]Loading weights:   7%|▋         | 14/199 [00:00<00:01, 137.92it/s]Loading weights:  21%|██        | 41/199 [00:00<00:00, 211.01it/s]Loading weights:  32%|███▏      | 63/199 [00:00<00:00, 193.64it/s]Loading weights: 100%|██████████| 199/199 [00:00<00:00, 469.47it/s]
labse {'median_rank': 1.0, 'mean_reciprocal_rank': 0.7970306277275085, 'recall@1': 74.0, 'recall@5': 86.5, 'recall@10': 89.5, 'recall@50': 96.0, 'recall@100': 98.5, 'recall@500': 100.0, 'recall@1000': 100.0, 'seconds_to_encode_and_rank': 3.0, 'names_encoded_per_second': 5826, 'peak_vram_gib': 1.03, 'device': 'NVIDIA GeForce RTX 3050 6GB Laptop GPU'}
loading intfloat/multilingual-e5-small ...
Loading weights:   0%|          | 0/199 [00:00<?, ?it/s]Loading weights:  46%|████▌     | 92/199 [00:00<00:00, 912.14it/s]Loading weights: 100%|██████████| 199/199 [00:00<00:00, 1844.98it/s]
e5-small {'median_rank': 1.0, 'mean_reciprocal_rank': 0.5842277407646179, 'recall@1': 51.0, 'recall@5': 66.0, 'recall@10': 71.0, 'recall@50': 79.5, 'recall@100': 84.0, 'recall@500': 94.0, 'recall@1000': 98.0, 'seconds_to_encode_and_rank': 1.3, 'names_encoded_per_second': 13785, 'peak_vram_gib': 0.33, 'device': 'NVIDIA GeForce RTX 3050 6GB Laptop GPU'}
{
 "top10": {
  "skeleton_only": 95.5,
  "labse_only": 89.5,
  "skeleton_or_labse": 98.5,
  "e5-small_only": 71.0,
  "skeleton_or_e5-small": 98.0,
  "skeleton_or_any_neural": 99.0
 },
 "top50": {
  "skeleton_only": 98.0,
  "labse_only": 96.0,
  "skeleton_or_labse": 99.5,
  "e5-small_only": 79.5,
  "skeleton_or_e5-small": 98.5,
  "skeleton_or_any_neural": 99.5
 },
 "top100": {
  "skeleton_only": 98.5,
  "labse_only": 98.5,
  "skeleton_or_labse": 100.0,
  "e5-small_only": 84.0,
  "skeleton_or_e5-small": 99.0,
  "skeleton_or_any_neural": 100.0
 },
 "top500": {
  "skeleton_only": 100.0,
  "labse_only": 100.0,
  "skeleton_or_labse": 100.0,
  "e5-small_only": 94.0,
  "skeleton_or_e5-small": 100.0,
  "skeleton_or_any_neural": 100.0
 }
}
smoke run: nothing written
exit=0
